// Jest Snapshot v1, https://goo.gl/fbAQLP

exports[`GifItem testing snapshot checking 1`] = `
<div>
  <div
    class="card"
  >
    <img
      alt="Samurai X"
      src="https://localhost/algo.jpg"
    />
    <p>
      Samurai X
    </p>
  </div>
</div>
`;
